// Jest Snapshot v1, https://goo.gl/fbAQLP

exports[`VirtualizedScrollView should render snapshot 1`] = `
<RCTScrollView
  ListHeaderComponent={
    <React.Fragment>
      <React.Fragment />
    </React.Fragment>
  }
  accessible={false}
  data={Array []}
  disableVirtualization={false}
  getItem={[Function]}
  getItemCount={[Function]}
  horizontal={false}
  initialNumToRender={10}
  keyExtractor={[Function]}
  maxToRenderPerBatch={10}
  onContentSizeChange={[Function]}
  onEndReachedThreshold={2}
  onLayout={[Function]}
  onMomentumScrollEnd={[Function]}
  onScroll={[Function]}
  onScrollBeginDrag={[Function]}
  onScrollEndDrag={[Function]}
  removeClippedSubviews={false}
  renderItem={[Function]}
  scrollEventThrottle={50}
  stickyHeaderIndices={Array []}
  style={
    Array [
      Object {
        "backgroundColor": "#FFFF",
        "flexBasis": 0,
        "flexGrow": 1,
        "flexShrink": 1,
      },
    ]
  }
  testID="List_VirtualizedScrollView"
  themeSelector="default"
  updateCellsBatchingPeriod={50}
  viewabilityConfigCallbackPairs={Array []}
  windowSize={21}
>
  <View>
    <View
      onLayout={[Function]}
    />
  </View>
</RCTScrollView>
`;
